[2026-09-08 05:35:14] MAIN CRASH: name 'minimize_console' is not defined
Traceback (most recent call last):
  File "D:\Jeux\X-Plane 12\Resources\plugins\FlyWithLua\Scripts\Auto Yaw Deck\panel.py", line 1293, in <module>
    main()
    ~~~~^^
  File "D:\Jeux\X-Plane 12\Resources\plugins\FlyWithLua\Scripts\Auto Yaw Deck\panel.py", line 1276, in main
    minimize_console()
    ^^^^^^^^^^^^^^^^
NameError: name 'minimize_console' is not defined

------------------------------------------------------------
[2026-09-08 05:35:40] MAIN CRASH: name 'minimize_console' is not defined
Traceback (most recent call last):
  File "D:\Jeux\X-Plane 12\Resources\plugins\FlyWithLua\Scripts\Auto Yaw Deck\panel.py", line 1293, in <module>
    main()
    ~~~~^^
  File "D:\Jeux\X-Plane 12\Resources\plugins\FlyWithLua\Scripts\Auto Yaw Deck\panel.py", line 1276, in main
    minimize_console()
    ^^^^^^^^^^^^^^^^
NameError: name 'minimize_console' is not defined

------------------------------------------------------------
